// Jest Snapshot v1, https://goo.gl/fbAQLP

exports[`Test for the Button component has a valid snapshot 1`] = `
<button
  onClick={[Function]}
  type="button"
>
  Give Me More
</button>
`;
